cargo :     Checking to
posynth v0.1.0 (E:\Proj
ects\toposynth)
発生場所 行:1 文字:1
+ cargo check --lib > e
rrors.txt 2>&1; Get-Con
tent errors.txt -Encodi
ng ...
+ ~~~~~~~~~~~~~~~~~~~~~
~~~~~~~~~~~~~~
    + CategoryInfo     
         : NotSpecifi  
  ed: (    Checking    
 to...ects\toposynt    
h):String) [], Rem    o
teException
    + FullyQualifiedEr 
   rorId : NativeComm  
  andError
 
error[E0432]: unresolve
d import `nih_plug_vizi
a::ViziaEditor`
 --> src\lib.rs:5:22
  |
5 | use nih_plug_vizia:
:{ViziaEditor, ViziaSta
te};
  |                    
  ^^^^^^^^^^^ no `Vizia
Editor` in the root

error[E0107]: trait tak
es 0 generic arguments 
but 1 generic argument 
was supplied
  --> src\editor.rs:26:
19
   |
26 | impl<T: Renderer> 
View<T> for TrajectoryV
iew {
   |                   
^^^^--- help: remove th
e unnecessary generics
   |                   
|
   |                   
expected 0 generic argu
ments
   |
note: trait defined her
e, with 0 generic param
eters
  --> C:\Users\kouno\.c
argo\git\checkouts\vizi
a-e79c6631812e1756\e3fa
b55\crates\vizia_core\s
rc\view.rs:87:11
   |
87 | pub trait View: 's
tatic + Sized {
   |           ^^^^

error[E0053]: method `d
raw` has an incompatibl
e type for trait
  --> src\editor.rs:27:
54
   |
26 | impl<T: Renderer> 
View<T> for TrajectoryV
iew {
   |      - found this 
type parameter
27 |     fn draw(&self,
 cx: &mut DrawContext<'
_>, canvas: &mut vg::Ca
nvas<T>) {
   |                   
                       
            ^^^^^^^^^^^
^^^^^^^ expected `OpenG
l`, found type paramete
r `T`
   |
   = note: expected sig
nature `fn(&TrajectoryV
iew, &mut nih_plug_vizi
a::vizia::context::Draw
Context<'_>, &mut nih_p
lug_vizia::vizia::vg::C
anvas<OpenGl>)`
              found sig
nature `fn(&TrajectoryV
iew, &mut nih_plug_vizi
a::vizia::context::Draw
Context<'_>, &mut nih_p
lug_vizia::vizia::vg::C
anvas<T>)`
help: change the parame
ter type to match the t
rait
   |
27 -     fn draw(&self,
 cx: &mut DrawContext<'
_>, canvas: &mut vg::Ca
nvas<T>) {
27 +     fn draw(&self,
 cx: &mut DrawContext<'
_>, canvas: &mut nih_pl
ug_vizia::vizia::vg::Ca
nvas<OpenGl>) {
   |

error[E0207]: the type 
parameter `T` is not co
nstrained by the impl t
rait, self type, or pre
dicates
  --> src\editor.rs:26:
6
   |
26 | impl<T: Renderer> 
View<T> for TrajectoryV
iew {
   |      ^ unconstrain
ed type parameter

error[E0599]: no method
 named `trunc` found fo
r struct `wide::f32x8` 
in the current scope
   --> src\dsp\engine.r
s:126:42
    |
126 |     *phase -= two
_pi * (*phase / two_pi)
.trunc();
    |                  
                       
 ^^^^^
    |
help: there is a method
 `trunc_int` with a sim
ilar name
    |
126 |     *phase -= two
_pi * (*phase / two_pi)
.trunc_int();
    |                  
                       
      ++++

error[E0283]: type anno
tations needed
  --> src\editor.rs:22:
29
   |
22 |         Self { tra
jectory }.build(cx, |_|
 {})
   |                   
          ^^^^^ cannot 
infer type for type par
ameter `T`
   |
   = note: cannot satis
fy `_: Renderer`
   = help: the followin
g types implement trait
 `Renderer`:
             OpenGl
             Void
note: required for `Tra
jectoryView` to impleme
nt `nih_plug_vizia::viz
ia::view::View`
  --> src\editor.rs:26:
19
   |
26 | impl<T: Renderer> 
View<T> for TrajectoryV
iew {
   |         --------  
^^^^^^^     ^^^^^^^^^^^
^^^
   |         |
   |         unsatisfie
d trait bound introduce
d here

error[E0283]: type anno
tations needed
  --> src\editor.rs:69:
22
   |
69 |                   
  .width(Stretch(1.0))
   |                   
   ^^^^^ cannot infer t
ype for type parameter 
`T`
   |
   = note: cannot satis
fy `_: Renderer`
   = help: the followin
g types implement trait
 `Renderer`:
             OpenGl
             Void
note: required for `Tra
jectoryView` to impleme
nt `nih_plug_vizia::viz
ia::view::View`
  --> src\editor.rs:26:
19
   |
26 | impl<T: Renderer> 
View<T> for TrajectoryV
iew {
   |         --------  
^^^^^^^     ^^^^^^^^^^^
^^^
   |         |
   |         unsatisfie
d trait bound introduce
d here
   = note: required for
 `nih_plug_vizia::vizia
::view::Handle<'_, Traj
ectoryView>` to impleme
nt `nih_plug_vizia::viz
ia::modifiers::LayoutMo
difiers`

error[E0277]: expected 
a `Fn()` closure, found
 `{integer}`
   --> src\lib.rs:126:4
3
    |
126 |             edito
r_state: ViziaState::ne
w(800, 500),
    |                  
         --------------
- ^^^ expected an `Fn()
` closure, found `{inte
ger}`
    |                  
         |
    |                  
         required by a 
bound introduced by thi
s call
    |
    = help: the trait `
Fn()` is not implemente
d for `{integer}`
    = note: wrap the `{
integer}` in a closure 
with no arguments: `|| 
{ /* code */ }`
note: required by a bou
nd in `ViziaState::new`
   --> C:\Users\kouno\.
cargo\git\checkouts\nih
-plug-d4210f82e920295f\
28b149e\nih_plug_vizia\
src\lib.rs:138:30
    |
138 |     pub fn new(si
ze_fn: impl Fn() -> (u3
2, u32) + Send + Sync +
 'static) -> Arc<ViziaS
tate> {
    |                  
            ^^^^^^^^^^^
^^^^^^^ required by thi
s bound in `ViziaState:
:new`

error[E0061]: this func
tion takes 1 argument b
ut 2 arguments were sup
plied
   --> src\lib.rs:126:2
7
    |
126 |             edito
r_state: ViziaState::ne
w(800, 500),
    |                  
         ^^^^^^^^^^^^^^
^      --- unexpected a
rgument #2 of type `{in
teger}`
    |
note: associated functi
on defined here
   --> C:\Users\kouno\.
cargo\git\checkouts\nih
-plug-d4210f82e920295f\
28b149e\nih_plug_vizia\
src\lib.rs:138:12
    |
138 |     pub fn new(si
ze_fn: impl Fn() -> (u3
2, u32) + Send + Sync +
 'static) -> Arc<ViziaS
tate> {
    |            ^^^
help: remove the extra 
argument
    |
126 -             edito
r_state: ViziaState::ne
w(800, 500),
126 +             edito
r_state: ViziaState::ne
w(800),
    |

warning: unused variabl
e: `num_samples`
   --> src\lib.rs:238:1
3
    |
238 |         let num_s
amples = buffer.samples
();
    |             ^^^^^
^^^^^^ help: if this is
 intentional, prefix it
 with an underscore: `_
num_samples`
    |
    = note: `#[warn(unu
sed_variables)]` (part 
of `#[warn(unused)]`) o
n by default

Some errors have detail
ed explanations: E0053,
 E0061, E0107, E0207, E
0277, E0283, E0432, E05
99.
For more information ab
out an error, try `rust
c --explain E0053`.
warning: `toposynth` (l
ib) generated 1 warning
error: could not compil
e `toposynth` (lib) due
 to 9 previous errors; 
1 warning emitted
